=== Horizon Workflow Approval Gate PoC (MCUCP-304) — Part A ===
tenant_rns=rns:roc:iam::clsd-ucp kind_id=ucp_poc_vm_creation_approval team=clsd-ucp-team scenario=happy

--- Login ---
OneCloud username: OneCloud password: 
login ok

--- Register Workflow kind (idempotent — ok if it already exists) ---
--> POST /workflow-sapi/2/tenants/rns:roc:iam::clsd-ucp/kinds
{
  "description": "PoC for MCUCP-304: two-layer approval gate",
  "id": "ucp_poc_vm_creation_approval",
  "name": "UCP PoC VM Creation Approval"
}
<-- 409
{"errors":[{"code":"WF0032","message":"Resource conflict.","detailedMessage":"A \"kind\" resource with the id \"ucp_poc_vm_creation_approval\" already exists.","metadata":{"resource_type":"kind","resource_id":"ucp_poc_vm_creation_approval"}}]}

kind already exists — continuing (id/name are globally unique, so a prior run likely created it)

--- Create definition draft ---
--> POST /workflow-sapi/2/tenants/rns:roc:iam::clsd-ucp/kinds/ucp_poc_vm_creation_approval/definitions
{
  "definition": {
    "nodes": {
      "end": {
        "kind": "end",
        "name": "Completed"
      },
      "network_team_approval": {
        "kind": "step",
        "name": "Network team approval",
        "step_kind": "network_team_approval",
        "triggers": {
          "approve": {
            "payload": {
              "title": "Approve"
            },
            "users": [
              {
                "kind": "team",
                "role": "admins",
                "team": "clsd-ucp-team"
              }
            ]
          },
          "cancel": {
            "payload": {
              "properties": {
                "reason": {
                  "type": "string"
                }
              },
              "title": "Reject",
              "type": "object"
            },
            "users": [
              {
                "kind": "user",
                "user": "{{ created_by }}"
              }
            ]
          },
          "reject": {
            "payload": {
              "properties": {
                "reason": {
                  "type": "string"
                }
              },
              "title": "Reject",
              "type": "object"
            },
            "users": [
              {
                "kind": "team",
                "role": "admins",
                "team": "clsd-ucp-team"
              }
            ]
          }
        }
      },
      "start": {
        "kind": "start",
        "name": "Started"
      },
      "tenant_admin_approval": {
        "kind": "step",
        "name": "Submitting tenant admin approval",
        "step_kind": "tenant_admin_approval",
        "triggers": {
          "approve": {
            "payload": {
              "title": "Approve"
            },
            "users": [
              {
                "kind": "tenant",
                "role": "admins",
                "tenant_rns": "{{ params.tenant_rns }}"
              }
            ]
          },
          "cancel": {
            "payload": {
              "properties": {
                "reason": {
                  "type": "string"
                }
              },
              "title": "Reject",
              "type": "object"
            },
            "users": [
              {
                "kind": "user",
                "user": "{{ created_by }}"
              }
            ]
          },
          "reject": {
            "payload": {
              "properties": {
                "reason": {
                  "type": "string"
                }
              },
              "title": "Reject",
              "type": "object"
            },
            "users": [
              {
                "kind": "tenant",
                "role": "admins",
                "tenant_rns": "{{ params.tenant_rns }}"
              }
            ]
          }
        }
      }
    },
    "payload_schema": {
      "properties": {
        "resource_id": {
          "type": "string"
        },
        "resource_type": {
          "type": "string"
        },
        "tenant_rns": {
          "type": "string"
        }
      },
      "required": [
        "tenant_rns"
      ],
      "type": "object"
    },
    "transitions": [
      {
        "source": "start",
        "target": "tenant_admin_approval"
      },
      {
        "condition": "approve",
        "source": "tenant_admin_approval",
        "target": "network_team_approval"
      },
      {
        "condition": "reject",
        "result": "Rejected",
        "source": "tenant_admin_approval",
        "target": "end"
      },
      {
        "condition": "cancel",
        "result": "Canceled",
        "source": "tenant_admin_approval",
        "target": "end"
      },
      {
        "condition": "approve",
        "result": "Successful",
        "source": "network_team_approval",
        "target": "end"
      },
      {
        "condition": "reject",
        "result": "Rejected",
        "source": "network_team_approval",
        "target": "end"
      },
      {
        "condition": "cancel",
        "result": "Canceled",
        "source": "network_team_approval",
        "target": "end"
      }
    ]
  }
}
<-- 201
{"kind":"ucp_poc_vm_creation_approval","number":4,"version_major":null,"published":false,"published_at":null,"published_by":null,"created_at":"2026-09-17T07:54:18.398683Z","created_by":"aripermana.putra@rakuten.com","updated_at":null,"updated_by":null,"update_number":0,"disabled":true,"definition":{"nodes":{"end":{"kind":"end","name":"Completed"},"network_team_approval":{"kind":"step","name":"Network team approval","step_kind":"network_team_approval","triggers":{"approve":{"payload":{"$schema":"https://json-schema.org/draft/2020-12/schema","title":"Approve"},"users":[{"kind":"team","team":"clsd-ucp-team","role":"admins"}],"notes":[],"adapter_only":false},"cancel":{"payload":{"$schema":"https://json-schema.org/draft/2020-12/schema","properties":{"reason":{"type":"string"}},"title":"Reject","type":"object"},"users":[{"kind":"user","user":"{{ created_by }}"}],"notes":[],"adapter_only":false},"reject":{"payload":{"$schema":"https://json-schema.org/draft/2020-12/schema","properties":{"reason":{"type":"string"}},"title":"Reject","type":"object"},"users":[{"kind":"team","team":"clsd-ucp-team","role":"admins"}],"notes":[],"adapter_only":false}},"skip_if":null,"skip_with":null,"skipped_label":null,"adapters":[]},"start":{"kind":"start","name":"Started"},"tenant_admin_approval":{"kind":"step","name":"Submitting tenant admin approval","step_kind":"tenant_admin_approval","triggers":{"approve":{"payload":{"$schema":"https://json-schema.org/draft/2020-12/schema","title":"Approve"},"users":[{"kind":"tenant","tenant_rns":"{{ params.tenant_rns }}","role":"admins"}],"notes":[],"adapter_only":false},"cancel":{"payload":{"$schema":"https://json-schema.org/draft/2020-12/schema","properties":{"reason":{"type":"string"}},"title":"Reject","type":"object"},"users":[{"kind":"user","user":"{{ created_by }}"}],"notes":[],"adapter_only":false},"reject":{"payload":{"$schema":"https://json-schema.org/draft/2020-12/schema","properties":{"reason":{"type":"string"}},"title":"Reject","type":"object"},"users":[{"kind":"tenant","tenant_rns":"{{ params.tenant_rns }}","role":"admins"}],"notes":[],"adapter_only":false}},"skip_if":null,"skip_with":null,"skipped_label":null,"adapters":[]}},"transitions":[{"source":"start","target":"tenant_admin_approval","condition":null,"result":null},{"source":"tenant_admin_approval","target":"network_team_approval","condition":"approve","result":null},{"source":"tenant_admin_approval","target":"end","condition":"reject","result":"Rejected"},{"source":"tenant_admin_approval","target":"end","condition":"cancel","result":"Canceled"},{"source":"network_team_approval","target":"end","condition":"approve","result":"Successful"},{"source":"network_team_approval","target":"end","condition":"reject","result":"Rejected"},{"source":"network_team_approval","target":"end","condition":"cancel","result":"Canceled"}],"payload_schema":{"$schema":"https://json-schema.org/draft/2020-12/schema","properties":{"resource_id":{"type":"string"},"resource_type":{"type":"string"},"tenant_rns":{"type":"string"}},"required":["tenant_rns"],"type":"object"},"view":null,"fingerprint_fields":null,"viewers":[]},"builder_meta":null}

definition draft number: 4

--- Create test workflow ---
--> POST /workflow-sapi/2/tenants/rns:roc:iam::clsd-ucp/kinds/ucp_poc_vm_creation_approval/test-workflows
{
  "definition_draft_number": 4,
  "payload": {
    "resource_id": "poc-vm-001",
    "resource_type": "vm",
    "tenant_rns": "rns:roc:iam::clsd-ucp"
  }
}
<-- 201
{"workflow_id":"1x76wk-FPwdpWalDXyfMo2m","job_id":"1x76wk-FPwdpWalDXyfMo2m","status":"created"}

test workflow id: 1x76wk-FPwdpWalDXyfMo2m

--- Process test workflow (advance from start) ---
--> POST /workflow-sapi/2/tenants/rns:roc:iam::clsd-ucp/kinds/ucp_poc_vm_creation_approval/test-workflows/1x76wk-FPwdpWalDXyfMo2m/process
<-- 202
{"workflow_id":"1x76wk-FPwdpWalDXyfMo2m","job_id":"1x76wk-FPwdpWalDXyfMo2m","status":"pending"}

action status: pending (acknowledges the process request; fetching overall state next)
--> GET /workflow-sapi/2/tenants/rns:roc:iam::clsd-ucp/kinds/ucp_poc_vm_creation_approval/test-workflows/1x76wk-FPwdpWalDXyfMo2m
<-- 200
{"id":"1x76wk-FPwdpWalDXyfMo2m","created_by":"aripermana.putra@rakuten.com","created_at":"2026-09-17T07:54:18.603Z","updated_at":"2026-09-17T07:54:19.674Z","kind":{"id":"ucp_poc_vm_creation_approval","name":"UCP PoC VM Creation Approval"},"definition_version":-4,"states":{"current":"Submitting tenant admin approval","result":null},"execution_status":"waiting","steps":[{"id":"ee623466-5d00-4b92-bd20-377142bb4717","label":"Submitting tenant admin approval","approvers":["aripermana.putra@rakuten.com","govind.madhu@rakuten.com","krishna.chalwetkar@rakuten.com","rania.benkahla@rakuten.com","ryo.kimura@rakuten.com","sebasti.bellefeuille@rakuten.com","yusuke.a.ohashi@rakuten.com"],"created_at":"2026-09-17T07:54:19.874Z","completed_at":null,"result_state":null,"is_skipped":false,"users":[],"triggers_users":{"approve":[{"id":"tenant/tenant_rns=rns%3Aroc%3Aiam%3A%3Aclsd-ucp&role=admins","spec":{"kind":"tenant","tenant_rns":"rns:roc:iam::clsd-ucp","role":"admins"},"emails":["aripermana.putra@rakuten.com","govind.madhu@rakuten.com","krishna.chalwetkar@rakuten.com","rania.benkahla@rakuten.com","ryo.kimura@rakuten.com","sebasti.bellefeuille@rakuten.com","yusuke.a.ohashi@rakuten.com"],"title":"ROC tenant clsd-ucp admins","backup_of":null}],"cancel":[{"id":"user/user=aripermana.putra%40rakuten.com","spec":{"kind":"user","user":"aripermana.putra@rakuten.com"},"emails":["aripermana.putra@rakuten.com"],"title":"User aripermana.putra@rakuten.com","backup_of":null}],"reject":[{"id":"tenant/tenant_rns=rns%3Aroc%3Aiam%3A%3Aclsd-ucp&role=admins","spec":{"kind":"tenant","tenant_rns":"rns:roc:iam::clsd-ucp","role":"admins"},"emails":["aripermana.putra@rakuten.com","govind.madhu@rakuten.com","krishna.chalwetkar@rakuten.com","rania.benkahla@rakuten.com","ryo.kimura@rakuten.com","sebasti.bellefeuille@rakuten.com","yusuke.a.ohashi@rakuten.com"],"title":"ROC tenant clsd-ucp admins","backup_of":null}]}}],"triggers":[],"user_triggers":[{"required":true,"trigger":"approve","allowed":true,"payload_schema":{"$schema":"https://json-schema.org/draft/2020-12/schema","title":"Approve"},"notes":[]},{"required":true,"trigger":"cancel","allowed":true,"payload_schema":{"$schema":"https://json-schema.org/draft/2020-12/schema","properties":{"reason":{"type":"string"}},"title":"Reject","type":"object"},"notes":[]},{"required":true,"trigger":"reject","allowed":true,"payload_schema":{"$schema":"https://json-schema.org/draft/2020-12/schema","properties":{"reason":{"type":"string"}},"title":"Reject","type":"object"},"notes":[]}],"viewers":[],"parameters":{"resource_id":"poc-vm-001","resource_type":"vm","tenant_rns":"rns:roc:iam::clsd-ucp"},"cards":null,"notes":[],"attachments":null}

execution_status: waiting

About to trigger layer 1 (tenant admin) approval. Check the test workflow's current step in the QA Portal now if you want to confirm it's sitting at tenant_admin_approval, then press Enter.

--- Trigger layer 1: approve (as submitting tenant admin) ---
--> POST /workflow-sapi/2/tenants/rns:roc:iam::clsd-ucp/kinds/ucp_poc_vm_creation_approval/test-workflows/1x76wk-FPwdpWalDXyfMo2m/triggers
{
  "trigger": "approve"
}
<-- 202
{"workflow_id":"1x76wk-FPwdpWalDXyfMo2m","job_id":"1x76wk-FPwdpWalDXyfMo2m","status":"pending"}


--- Process test workflow (after layer 1 approve) ---
--> POST /workflow-sapi/2/tenants/rns:roc:iam::clsd-ucp/kinds/ucp_poc_vm_creation_approval/test-workflows/1x76wk-FPwdpWalDXyfMo2m/process
<-- 400
{"errors":[{"code":"WF0050","message":"Workflow has an active step.","detailedMessage":"The workflow 1x76wk-FPwdpWalDXyfMo2m has an active step and is waiting for a trigger.","metadata":{"workflow_id":"1x76wk-FPwdpWalDXyfMo2m"}}]}

process test workflow: POST /workflow-sapi/2/tenants/rns:roc:iam::clsd-ucp/kinds/ucp_poc_vm_creation_approval/test-workflows/1x76wk-FPwdpWalDXyfMo2m/process returned 400: {"errors":[{"code":"WF0050","message":"Workflow has an active step.","detailedMessage":"The workflow 1x76wk-FPwdpWalDXyfMo2m has an active step and is waiting for a trigger.","metadata":{"workflow_id":"1x76wk-FPwdpWalDXyfMo2m"}}]}
exit status 1
